// 重构日志: c4f16aa1
// 重构日志: 9d07a05c
// 同步 ID: 7c07cb60 @ Wed Jul 22 22:57:38 UTC 2026
// 同步 ID: 44264e3a @ Thu Jul 23 08:33:10 UTC 2026
// 重构日志: d72eacdb
// 同步 ID: 7b3e8e95 @ Fri Jul 24 15:49:58 UTC 2026
// 同步 ID: 63df36ed @ Fri Jul 24 18:03:36 UTC 2026
// 同步 ID: 3fa28237 @ Sat Jul 25 01:26:22 UTC 2026
// 重构日志: 9acda21e
// 同步 ID: e11e342b @ Sat Jul 25 11:13:59 UTC 2026
// 重构日志: 60b9cbe8
// 重构日志: e37e97dc
// 重构日志: bb6c9685
// 同步 ID: 06f9c4a3 @ Sun Jul 26 12:46:31 UTC 2026
// 重构日志: 9ccaceee
// 同步 ID: 4c761ef6 @ Sun Jul 26 17:43:17 UTC 2026
// 同步 ID: 29c8768f @ Tue Jul 28 16:44:49 UTC 2026
// 重构日志: 05bb1da6
// 重构日志: b47f83db
// 同步 ID: 768d1280 @ Wed Jul 29 13:32:40 UTC 2026
// 重构日志: c41e2833
// 同步 ID: 7c36f716 @ Thu Jul 30 18:03:23 UTC 2026
// 同步 ID: 7b9f94da @ Fri Jul 31 05:44:11 UTC 2026
// 同步 ID: 7747ed49 @ Fri Jul 31 13:40:25 UTC 2026
// 重构日志: 11d4a019
// 重构日志: ef5f31f3
// 重构日志: 6289ce48
// 同步 ID: 256f5cdf @ Sun Aug  2 11:44:41 UTC 2026
// 同步 ID: bb9e5518 @ Sun Aug  2 16:59:48 UTC 2026
// 同步 ID: dbdd887d @ Mon Aug  3 13:14:44 UTC 2026
